Archive member included because of file (symbol)

c:/winavr-20100110/bin/../lib/gcc/avr/4.3.3/avr5\libgcc.a(_udivmodqi4.o)
                              ./HAL/stop_watch.o (__udivmodqi4)
c:/winavr-20100110/bin/../lib/gcc/avr/4.3.3/avr5\libgcc.a(_exit.o)
                              c:/winavr-20100110/bin/../lib/gcc/avr/4.3.3/../../../../avr/lib/avr5/crtm32.o (exit)
c:/winavr-20100110/bin/../lib/gcc/avr/4.3.3/avr5\libgcc.a(_copy_data.o)
                              ./HAL/stop_watch.o (__do_copy_data)
c:/winavr-20100110/bin/../lib/gcc/avr/4.3.3/avr5\libgcc.a(_clear_bss.o)
                              ./MCAL/ex_interrupt.o (__do_clear_bss)

Memory Configuration

Name             Origin             Length             Attributes
text             0x00000000         0x00020000         xr
data             0x00800060         0x0000ffa0         rw !x
eeprom           0x00810000         0x00010000         rw !x
fuse             0x00820000         0x00000400         rw !x
lock             0x00830000         0x00000400         rw !x
signature        0x00840000         0x00000400         rw !x
*default*        0x00000000         0xffffffff

Linker script and memory map

LOAD c:/winavr-20100110/bin/../lib/gcc/avr/4.3.3/../../../../avr/lib/avr5/crtm32.o
LOAD ./MCAL/ex_interrupt.o
LOAD ./MCAL/gpio.o
LOAD ./MCAL/timer.o
LOAD ./HAL/stop_watch.o
LOAD ./APP/main.o
LOAD c:/winavr-20100110/bin/../lib/gcc/avr/4.3.3/avr5\libgcc.a
LOAD c:/winavr-20100110/bin/../lib/gcc/avr/4.3.3/../../../../avr/lib/avr5\libc.a
LOAD c:/winavr-20100110/bin/../lib/gcc/avr/4.3.3/avr5\libgcc.a

.hash
 *(.hash)

.dynsym
 *(.dynsym)

.dynstr
 *(.dynstr)

.gnu.version
 *(.gnu.version)

.gnu.version_d
 *(.gnu.version_d)

.gnu.version_r
 *(.gnu.version_r)

.rel.init
 *(.rel.init)

.rela.init
 *(.rela.init)

.rel.text
 *(.rel.text)
 *(.rel.text.*)
 *(.rel.gnu.linkonce.t*)

.rela.text
 *(.rela.text)
 *(.rela.text.*)
 *(.rela.gnu.linkonce.t*)

.rel.fini
 *(.rel.fini)

.rela.fini
 *(.rela.fini)

.rel.rodata
 *(.rel.rodata)
 *(.rel.rodata.*)
 *(.rel.gnu.linkonce.r*)

.rela.rodata
 *(.rela.rodata)
 *(.rela.rodata.*)
 *(.rela.gnu.linkonce.r*)

.rel.data
 *(.rel.data)
 *(.rel.data.*)
 *(.rel.gnu.linkonce.d*)

.rela.data
 *(.rela.data)
 *(.rela.data.*)
 *(.rela.gnu.linkonce.d*)

.rel.ctors
 *(.rel.ctors)

.rela.ctors
 *(.rela.ctors)

.rel.dtors
 *(.rel.dtors)

.rela.dtors
 *(.rela.dtors)

.rel.got
 *(.rel.got)

.rela.got
 *(.rela.got)

.rel.bss
 *(.rel.bss)

.rela.bss
 *(.rela.bss)

.rel.plt
 *(.rel.plt)

.rela.plt
 *(.rela.plt)

.text           0x00000000      0xf48
 *(.vectors)
 .vectors       0x00000000       0x54 c:/winavr-20100110/bin/../lib/gcc/avr/4.3.3/../../../../avr/lib/avr5/crtm32.o
                0x00000000                __vectors
                0x00000000                __vector_default
 *(.vectors)
 *(.progmem.gcc*)
 *(.progmem*)
                0x00000054                . = ALIGN (0x2)
                0x00000054                __trampolines_start = .
 *(.trampolines)
 .trampolines   0x00000054        0x0 linker stubs
 *(.trampolines*)
                0x00000054                __trampolines_end = .
 *(.jumptables)
 *(.jumptables*)
 *(.lowtext)
 *(.lowtext*)
                0x00000054                __ctors_start = .
 *(.ctors)
                0x00000054                __ctors_end = .
                0x00000054                __dtors_start = .
 *(.dtors)
                0x00000054                __dtors_end = .
 SORT(*)(.ctors)
 SORT(*)(.dtors)
 *(.init0)
 .init0         0x00000054        0x0 c:/winavr-20100110/bin/../lib/gcc/avr/4.3.3/../../../../avr/lib/avr5/crtm32.o
                0x00000054                __init
 *(.init0)
 *(.init1)
 *(.init1)
 *(.init2)
 .init2         0x00000054        0xc c:/winavr-20100110/bin/../lib/gcc/avr/4.3.3/../../../../avr/lib/avr5/crtm32.o
 *(.init2)
 *(.init3)
 *(.init3)
 *(.init4)
 .init4         0x00000060       0x16 c:/winavr-20100110/bin/../lib/gcc/avr/4.3.3/avr5\libgcc.a(_copy_data.o)
                0x00000060                __do_copy_data
 .init4         0x00000076       0x10 c:/winavr-20100110/bin/../lib/gcc/avr/4.3.3/avr5\libgcc.a(_clear_bss.o)
                0x00000076                __do_clear_bss
 *(.init4)
 *(.init5)
 *(.init5)
 *(.init6)
 *(.init6)
 *(.init7)
 *(.init7)
 *(.init8)
 *(.init8)
 *(.init9)
 .init9         0x00000086        0x8 c:/winavr-20100110/bin/../lib/gcc/avr/4.3.3/../../../../avr/lib/avr5/crtm32.o
 *(.init9)
 *(.text)
 .text          0x0000008e        0x4 c:/winavr-20100110/bin/../lib/gcc/avr/4.3.3/../../../../avr/lib/avr5/crtm32.o
                0x0000008e                __vector_12
                0x0000008e                __bad_interrupt
                0x0000008e                __vector_6
                0x0000008e                __vector_13
                0x0000008e                __vector_17
                0x0000008e                __vector_19
                0x0000008e                __vector_15
                0x0000008e                __vector_8
                0x0000008e                __vector_14
                0x0000008e                __vector_16
                0x0000008e                __vector_18
                0x0000008e                __vector_20
 .text          0x00000092        0x0 ./MCAL/ex_interrupt.o
 .text          0x00000092        0x0 ./MCAL/gpio.o
 .text          0x00000092        0x0 ./MCAL/timer.o
 .text          0x00000092        0x0 ./HAL/stop_watch.o
 .text          0x00000092        0x0 ./APP/main.o
 .text          0x00000092        0x0 c:/winavr-20100110/bin/../lib/gcc/avr/4.3.3/avr5\libgcc.a(_udivmodqi4.o)
 .text          0x00000092        0x0 c:/winavr-20100110/bin/../lib/gcc/avr/4.3.3/avr5\libgcc.a(_exit.o)
 .text          0x00000092        0x0 c:/winavr-20100110/bin/../lib/gcc/avr/4.3.3/avr5\libgcc.a(_copy_data.o)
 .text          0x00000092        0x0 c:/winavr-20100110/bin/../lib/gcc/avr/4.3.3/avr5\libgcc.a(_clear_bss.o)
                0x00000092                . = ALIGN (0x2)
 *(.text.*)
 .text.__vector_1
                0x00000092       0x52 ./MCAL/ex_interrupt.o
                0x00000092                __vector_1
 .text.__vector_2
                0x000000e4       0x52 ./MCAL/ex_interrupt.o
                0x000000e4                __vector_2
 .text.__vector_3
                0x00000136       0x52 ./MCAL/ex_interrupt.o
                0x00000136                __vector_3
 .text.INT0_setCallBack
                0x00000188        0xa ./MCAL/ex_interrupt.o
                0x00000188                INT0_setCallBack
 .text.INT1_setCallBack
                0x00000192        0xa ./MCAL/ex_interrupt.o
                0x00000192                INT1_setCallBack
 .text.INT2_setCallBack
                0x0000019c        0xa ./MCAL/ex_interrupt.o
                0x0000019c                INT2_setCallBack
 .text.Ex_INT_init
                0x000001a6      0x114 ./MCAL/ex_interrupt.o
                0x000001a6                Ex_INT_init
 .text.GPIO_setupPinDirection
                0x000002ba       0xe8 ./MCAL/gpio.o
                0x000002ba                GPIO_setupPinDirection
 .text.GPIO_writePin
                0x000003a2       0xe8 ./MCAL/gpio.o
                0x000003a2                GPIO_writePin
 .text.GPIO_readPin
                0x0000048a       0x3c ./MCAL/gpio.o
                0x0000048a                GPIO_readPin
 .text.GPIO_setupPortDirection
                0x000004c6       0x26 ./MCAL/gpio.o
                0x000004c6                GPIO_setupPortDirection
 .text.GPIO_writePort
                0x000004ec       0x26 ./MCAL/gpio.o
                0x000004ec                GPIO_writePort
 .text.GPIO_readPort
                0x00000512       0x2a ./MCAL/gpio.o
                0x00000512                GPIO_readPort
 .text.__vector_11
                0x0000053c       0x52 ./MCAL/timer.o
                0x0000053c                __vector_11
 .text.__vector_10
                0x0000058e       0x52 ./MCAL/timer.o
                0x0000058e                __vector_10
 .text.__vector_7
                0x000005e0       0x52 ./MCAL/timer.o
                0x000005e0                __vector_7
 .text.__vector_9
                0x00000632       0x52 ./MCAL/timer.o
                0x00000632                __vector_9
 .text.__vector_5
                0x00000684       0x52 ./MCAL/timer.o
                0x00000684                __vector_5
 .text.__vector_4
                0x000006d6       0x52 ./MCAL/timer.o
                0x000006d6                __vector_4
 .text.Timer0_deInit
                0x00000728       0x14 ./MCAL/timer.o
                0x00000728                Timer0_deInit
 .text.Timer1_deInit
                0x0000073c       0x1a ./MCAL/timer.o
                0x0000073c                Timer1_deInit
 .text.Timer2_deInit
                0x00000756       0x1a ./MCAL/timer.o
                0x00000756                Timer2_deInit
 .text.Timer0_turn_off_clock
                0x00000770        0x8 ./MCAL/timer.o
                0x00000770                Timer0_turn_off_clock
 .text.Timer1_turn_off_clock
                0x00000778        0x8 ./MCAL/timer.o
                0x00000778                Timer1_turn_off_clock
 .text.Timer2_turn_off_clock
                0x00000780        0x8 ./MCAL/timer.o
                0x00000780                Timer2_turn_off_clock
 .text.Timer0_turn_on_clock
                0x00000788       0x10 ./MCAL/timer.o
                0x00000788                Timer0_turn_on_clock
 .text.Timer1_turn_on_clock
                0x00000798       0x10 ./MCAL/timer.o
                0x00000798                Timer1_turn_on_clock
 .text.Timer2_turn_on_clock
                0x000007a8       0x10 ./MCAL/timer.o
                0x000007a8                Timer2_turn_on_clock
 .text.Timer0_setCallBack
                0x000007b8        0xa ./MCAL/timer.o
                0x000007b8                Timer0_setCallBack
 .text.Timer1_setCallBack
                0x000007c2        0xa ./MCAL/timer.o
                0x000007c2                Timer1_setCallBack
 .text.Timer2_setCallBack
                0x000007cc        0xa ./MCAL/timer.o
                0x000007cc                Timer2_setCallBack
 .text.Timer2_init
                0x000007d6      0x164 ./MCAL/timer.o
                0x000007d6                Timer2_init
 .text.Timer1_init
                0x0000093a      0x13a ./MCAL/timer.o
                0x0000093a                Timer1_init
 .text.TIMER1_set_OCR1A
                0x00000a74       0x4e ./MCAL/timer.o
                0x00000a74                TIMER1_set_OCR1A
 .text.Timer0_init
                0x00000ac2      0x164 ./MCAL/timer.o
                0x00000ac2                Timer0_init
 .text.TIMER2_set_OCR2
                0x00000c26       0x2e ./MCAL/timer.o
                0x00000c26                TIMER2_set_OCR2
 .text.TIMER0_set_OCR0
                0x00000c54       0x2e ./MCAL/timer.o
                0x00000c54                TIMER0_set_OCR0
 .text.STOPwatch_counter
                0x00000c82       0x4c ./HAL/stop_watch.o
                0x00000c82                STOPwatch_counter
 .text.STOPwatch_enable_seven_segment
                0x00000cce       0x4c ./HAL/stop_watch.o
                0x00000cce                STOPwatch_enable_seven_segment
 .text.STOPwatch_start
                0x00000d1a       0xcc ./HAL/stop_watch.o
                0x00000d1a                STOPwatch_start
 .text.STOPwatch_Resume
                0x00000de6        0xa ./HAL/stop_watch.o
                0x00000de6                STOPwatch_Resume
 .text.STOPwatch_Reset
                0x00000df0       0x16 ./HAL/stop_watch.o
                0x00000df0                STOPwatch_Reset
 .text.STOPwatch_Pause
                0x00000e06        0x6 ./HAL/stop_watch.o
                0x00000e06                STOPwatch_Pause
 .text.STOPwatch_pins_setup
                0x00000e0c       0xca ./HAL/stop_watch.o
                0x00000e0c                STOPwatch_pins_setup
 .text.STOPwatch_init
                0x00000ed6       0x46 ./HAL/stop_watch.o
                0x00000ed6                STOPwatch_init
 .text.main     0x00000f1c       0x10 ./APP/main.o
                0x00000f1c                main
 .text.libgcc   0x00000f2c       0x18 c:/winavr-20100110/bin/../lib/gcc/avr/4.3.3/avr5\libgcc.a(_udivmodqi4.o)
                0x00000f2c                __udivmodqi4
 .text.libgcc   0x00000f44        0x0 c:/winavr-20100110/bin/../lib/gcc/avr/4.3.3/avr5\libgcc.a(_exit.o)
 .text.libgcc   0x00000f44        0x0 c:/winavr-20100110/bin/../lib/gcc/avr/4.3.3/avr5\libgcc.a(_copy_data.o)
 .text.libgcc   0x00000f44        0x0 c:/winavr-20100110/bin/../lib/gcc/avr/4.3.3/avr5\libgcc.a(_clear_bss.o)
                0x00000f44                . = ALIGN (0x2)
 *(.fini9)
 .fini9         0x00000f44        0x0 c:/winavr-20100110/bin/../lib/gcc/avr/4.3.3/avr5\libgcc.a(_exit.o)
                0x00000f44                exit
                0x00000f44                _exit
 *(.fini9)
 *(.fini8)
 *(.fini8)
 *(.fini7)
 *(.fini7)
 *(.fini6)
 *(.fini6)
 *(.fini5)
 *(.fini5)
 *(.fini4)
 *(.fini4)
 *(.fini3)
 *(.fini3)
 *(.fini2)
 *(.fini2)
 *(.fini1)
 *(.fini1)
 *(.fini0)
 .fini0         0x00000f44        0x4 c:/winavr-20100110/bin/../lib/gcc/avr/4.3.3/avr5\libgcc.a(_exit.o)
 *(.fini0)
                0x00000f48                _etext = .

.data           0x00800060       0x14 load address 0x00000f48
                0x00800060                PROVIDE (__data_start, .)
 *(.data)
 .data          0x00800060        0x0 c:/winavr-20100110/bin/../lib/gcc/avr/4.3.3/../../../../avr/lib/avr5/crtm32.o
 .data          0x00800060        0x0 ./MCAL/ex_interrupt.o
 .data          0x00800060        0x0 ./MCAL/gpio.o
 .data          0x00800060        0x0 ./MCAL/timer.o
 .data          0x00800060        0x0 ./HAL/stop_watch.o
 .data          0x00800060        0x0 ./APP/main.o
 .data          0x00800060        0x0 c:/winavr-20100110/bin/../lib/gcc/avr/4.3.3/avr5\libgcc.a(_udivmodqi4.o)
 .data          0x00800060        0x0 c:/winavr-20100110/bin/../lib/gcc/avr/4.3.3/avr5\libgcc.a(_exit.o)
 .data          0x00800060        0x0 c:/winavr-20100110/bin/../lib/gcc/avr/4.3.3/avr5\libgcc.a(_copy_data.o)
 .data          0x00800060        0x0 c:/winavr-20100110/bin/../lib/gcc/avr/4.3.3/avr5\libgcc.a(_clear_bss.o)
 *(.data*)
 .data.Ex_INT0_Config_Ptr
                0x00800060        0x3 ./HAL/stop_watch.o
                0x00800060                Ex_INT0_Config_Ptr
 .data.Ex_INT1_Config_Ptr
                0x00800063        0x3 ./HAL/stop_watch.o
                0x00800063                Ex_INT1_Config_Ptr
 .data.Ex_INT2_Config_Ptr
                0x00800066        0x3 ./HAL/stop_watch.o
                0x00800066                Ex_INT2_Config_Ptr
 .data.Timer1_Config_Ptr1
                0x00800069        0xa ./HAL/stop_watch.o
                0x00800069                Timer1_Config_Ptr1
 *(.rodata)
 *(.rodata*)
 *(.gnu.linkonce.d*)
                0x00800074                . = ALIGN (0x2)
 *fill*         0x00800073        0x1 00
                0x00800074                _edata = .
                0x00800074                PROVIDE (__data_end, .)

.bss            0x00800074        0xf
                0x00800074                PROVIDE (__bss_start, .)
 *(.bss)
 .bss           0x00800074        0x0 c:/winavr-20100110/bin/../lib/gcc/avr/4.3.3/../../../../avr/lib/avr5/crtm32.o
 .bss           0x00800074        0x0 ./MCAL/ex_interrupt.o
 .bss           0x00800074        0x0 ./MCAL/gpio.o
 .bss           0x00800074        0x0 ./MCAL/timer.o
 .bss           0x00800074        0x0 ./HAL/stop_watch.o
 .bss           0x00800074        0x0 ./APP/main.o
 .bss           0x00800074        0x0 c:/winavr-20100110/bin/../lib/gcc/avr/4.3.3/avr5\libgcc.a(_udivmodqi4.o)
 .bss           0x00800074        0x0 c:/winavr-20100110/bin/../lib/gcc/avr/4.3.3/avr5\libgcc.a(_exit.o)
 .bss           0x00800074        0x0 c:/winavr-20100110/bin/../lib/gcc/avr/4.3.3/avr5\libgcc.a(_copy_data.o)
 .bss           0x00800074        0x0 c:/winavr-20100110/bin/../lib/gcc/avr/4.3.3/avr5\libgcc.a(_clear_bss.o)
 *(.bss*)
 .bss.g_callBackPtr2
                0x00800074        0x2 ./MCAL/ex_interrupt.o
 .bss.g_callBackPtr1
                0x00800076        0x2 ./MCAL/ex_interrupt.o
 .bss.g_callBackPtr0
                0x00800078        0x2 ./MCAL/ex_interrupt.o
 .bss.g_callBackPtr2
                0x0080007a        0x2 ./MCAL/timer.o
 .bss.g_callBackPtr1
                0x0080007c        0x2 ./MCAL/timer.o
 .bss.g_callBackPtr0
                0x0080007e        0x2 ./MCAL/timer.o
 .bss.g_counter_sec
                0x00800080        0x1 ./HAL/stop_watch.o
                0x00800080                g_counter_sec
 .bss.g_counter_min
                0x00800081        0x1 ./HAL/stop_watch.o
                0x00800081                g_counter_min
 .bss.g_counter_hour
                0x00800082        0x1 ./HAL/stop_watch.o
                0x00800082                g_counter_hour
 *(COMMON)
                0x00800083                PROVIDE (__bss_end, .)
                0x00000f48                __data_load_start = LOADADDR (.data)
                0x00000f5c                __data_load_end = (__data_load_start + SIZEOF (.data))

.noinit         0x00800083        0x0
                0x00800083                PROVIDE (__noinit_start, .)
 *(.noinit*)
                0x00800083                PROVIDE (__noinit_end, .)
                0x00800083                _end = .
                0x00800083                PROVIDE (__heap_start, .)

.eeprom         0x00810000        0x0
 *(.eeprom*)
                0x00810000                __eeprom_end = .

.fuse
 *(.fuse)
 *(.lfuse)
 *(.hfuse)
 *(.efuse)

.lock
 *(.lock*)

.signature
 *(.signature*)

.stab
 *(.stab)

.stabstr
 *(.stabstr)

.stab.excl
 *(.stab.excl)

.stab.exclstr
 *(.stab.exclstr)

.stab.index
 *(.stab.index)

.stab.indexstr
 *(.stab.indexstr)

.comment
 *(.comment)

.debug
 *(.debug)

.line
 *(.line)

.debug_srcinfo
 *(.debug_srcinfo)

.debug_sfnames
 *(.debug_sfnames)

.debug_aranges
 *(.debug_aranges)

.debug_pubnames
 *(.debug_pubnames)

.debug_info
 *(.debug_info)
 *(.gnu.linkonce.wi.*)

.debug_abbrev
 *(.debug_abbrev)

.debug_line
 *(.debug_line)

.debug_frame
 *(.debug_frame)

.debug_str
 *(.debug_str)

.debug_loc
 *(.debug_loc)

.debug_macinfo
 *(.debug_macinfo)
OUTPUT(Stop_Watch.elf elf32-avr)
LOAD linker stubs
